Checking GPU status:
Tue Mar  3 23:43:39 2026       
+-----------------------------------------------------------------------------------------+
| NVIDIA-SMI 550.120                Driver Version: 550.120        CUDA Version: 12.4     |
|-----------------------------------------+------------------------+----------------------+
| GPU  Name                 Persistence-M | Bus-Id          Disp.A | Volatile Uncorr. ECC |
| Fan  Temp   Perf          Pwr:Usage/Cap |           Memory-Usage | GPU-Util  Compute M. |
|                                         |                        |               MIG M. |
|=========================================+========================+======================|
|   0  NVIDIA TITAN Xp                On  |   00000000:3D:00.0 Off |                  N/A |
| 29%   49C    P2             61W /  250W |    5931MiB /  12288MiB |      0%      Default |
|                                         |                        |                  N/A |
+-----------------------------------------+------------------------+----------------------+
|   1  NVIDIA TITAN Xp                On  |   00000000:3E:00.0 Off |                  N/A |
| 24%   32C    P8              9W /  250W |    5931MiB /  12288MiB |      0%      Default |
|                                         |                        |                  N/A |
+-----------------------------------------+------------------------+----------------------+
|   2  NVIDIA TITAN Xp                On  |   00000000:60:00.0 Off |                  N/A |
| 25%   43C    P2             79W /  250W |    5931MiB /  12288MiB |      0%      Default |
|                                         |                        |                  N/A |
+-----------------------------------------+------------------------+----------------------+
|   3  NVIDIA TITAN Xp                On  |   00000000:61:00.0 Off |                  N/A |
| 23%   24C    P8              9W /  250W |       2MiB /  12288MiB |      0%      Default |
|                                         |                        |                  N/A |
+-----------------------------------------+------------------------+----------------------+
|   4  NVIDIA TITAN Xp                On  |   00000000:B1:00.0 Off |                  N/A |
| 23%   18C    P8              8W /  250W |       2MiB /  12288MiB |      0%      Default |
|                                         |                        |                  N/A |
+-----------------------------------------+------------------------+----------------------+
|   5  NVIDIA TITAN Xp                On  |   00000000:B2:00.0 Off |                  N/A |
| 23%   17C    P8              8W /  250W |       2MiB /  12288MiB |      0%      Default |
|                                         |                        |                  N/A |
+-----------------------------------------+------------------------+----------------------+
|   6  NVIDIA TITAN Xp                On  |   00000000:DA:00.0 Off |                  N/A |
| 23%   17C    P8              8W /  250W |       2MiB /  12288MiB |      0%      Default |
|                                         |                        |                  N/A |
+-----------------------------------------+------------------------+----------------------+
|   7  NVIDIA TITAN Xp                On  |   00000000:DB:00.0 Off |                  N/A |
| 23%   22C    P8              9W /  250W |       2MiB /  12288MiB |      0%      Default |
|                                         |                        |                  N/A |
+-----------------------------------------+------------------------+----------------------+
                                                                                         
+-----------------------------------------------------------------------------------------+
| Processes:                                                                              |
|  GPU   GI   CI        PID   Type   Process name                              GPU Memory |
|        ID   ID                                                               Usage      |
|=========================================================================================|
|    0   N/A  N/A    655485      C   python                                       5926MiB |
|    1   N/A  N/A    655499      C   python                                       5926MiB |
|    2   N/A  N/A    655512      C   python                                       5926MiB |
+-----------------------------------------------------------------------------------------+
Training was interrupted. Resuming from best_weights.ckpt
Starting KWT Training at: Tue Mar  3 23:43:39 IST 2026
Model: "model"
_________________________________________________________________
 Layer (type)                Output Shape              Param #   
=================================================================
 input_1 (InputLayer)        [(256, 16000)]            0         
                                                                 
 speech_features (SpeechFea  (256, 98, 40)             0         
 tures)                                                          
                                                                 
 kws_transformer (KWSTransf  (256, 64)                 606528    
 ormer)                                                          
                                                                 
 sequential_12 (Sequential)  multiple                  780       
                                                                 
=================================================================
Total params: 607308 (2.32 MB)
Trainable params: 607308 (2.32 MB)
Non-trainable params: 0 (0.00 Byte)
_________________________________________________________________
